2026-07-13T11:09:19.511+0100 [INFO]  Terraform version: 1.14.9
2026-07-13T11:09:19.511+0100 [DEBUG] using github.com/hashicorp/go-tfe v1.94.0
2026-07-13T11:09:19.511+0100 [DEBUG] using github.com/hashicorp/hcl/v2 v2.24.0
2026-07-13T11:09:19.511+0100 [DEBUG] using github.com/hashicorp/terraform-svchost v0.1.1
2026-07-13T11:09:19.511+0100 [DEBUG] using github.com/zclconf/go-cty v1.16.3
2026-07-13T11:09:19.511+0100 [INFO]  Go runtime version: go1.25.8
2026-07-13T11:09:19.511+0100 [INFO]  CLI args: []string{"terraform", "init"}
2026-07-13T11:09:19.511+0100 [DEBUG] Attempting to open CLI config file: /home/ochuko/.terraformrc
2026-07-13T11:09:19.511+0100 [DEBUG] File doesn't exist, but doesn't need to. Ignoring.
2026-07-13T11:09:19.511+0100 [DEBUG] ignoring non-existing provider search directory terraform.d/plugins
2026-07-13T11:09:19.511+0100 [DEBUG] ignoring non-existing provider search directory /home/ochuko/.terraform.d/plugins
2026-07-13T11:09:19.511+0100 [DEBUG] ignoring non-existing provider search directory /home/ochuko/.local/share/terraform/plugins
2026-07-13T11:09:19.511+0100 [DEBUG] ignoring non-existing provider search directory /usr/local/share/terraform/plugins
2026-07-13T11:09:19.511+0100 [DEBUG] ignoring non-existing provider search directory /usr/share/terraform/plugins
2026-07-13T11:09:19.511+0100 [DEBUG] ignoring non-existing provider search directory /var/lib/snapd/desktop/terraform/plugins
2026-07-13T11:09:19.512+0100 [INFO]  CLI command args: []string{"init"}
[0m[1mInitializing the backend...[0m
2026-07-13T11:09:19.517+0100 [DEBUG] checking for provisioner in "."
2026-07-13T11:09:19.524+0100 [DEBUG] checking for provisioner in "/usr/bin"
2026-07-13T11:09:19.525+0100 [DEBUG] backend-s3.aws-base: Resolving credentials provider: tf_backend.operation=Configure tf_backend.req_id=72390e54-6ea2-e8c3-c4bc-5e1062cdb59a tf_backend.s3.bucket=edaferioka-capstone-phoenix-tfstate-bucket tf_backend.s3.path=capstone-phoenix/terraform.tfstate
2026-07-13T11:09:19.525+0100 [DEBUG] backend-s3.aws-base: Loading configuration: tf_backend.operation=Configure tf_backend.req_id=72390e54-6ea2-e8c3-c4bc-5e1062cdb59a tf_backend.s3.bucket=edaferioka-capstone-phoenix-tfstate-bucket tf_backend.s3.path=capstone-phoenix/terraform.tfstate
2026-07-13T11:09:19.534+0100 [DEBUG] backend-s3.aws-base: Retrieving credentials: tf_backend.operation=Configure tf_backend.req_id=72390e54-6ea2-e8c3-c4bc-5e1062cdb59a tf_backend.s3.bucket=edaferioka-capstone-phoenix-tfstate-bucket tf_backend.s3.path=capstone-phoenix/terraform.tfstate
2026-07-13T11:09:19.534+0100 [INFO]  backend-s3.aws-base: Retrieved credentials: tf_backend.operation=Configure tf_backend.req_id=72390e54-6ea2-e8c3-c4bc-5e1062cdb59a tf_backend.s3.bucket=edaferioka-capstone-phoenix-tfstate-bucket tf_backend.s3.path=capstone-phoenix/terraform.tfstate tf_aws.credentials_source="SharedConfigCredentials: /home/ochuko/.aws/credentials"
2026-07-13T11:09:19.534+0100 [DEBUG] backend-s3.aws-base: Loading configuration: tf_backend.operation=Configure tf_backend.req_id=72390e54-6ea2-e8c3-c4bc-5e1062cdb59a tf_backend.s3.bucket=edaferioka-capstone-phoenix-tfstate-bucket tf_backend.s3.path=capstone-phoenix/terraform.tfstate
2026-07-13T11:09:19.543+0100 [DEBUG] backend-s3.aws-base: Retrieving caller identity from STS: tf_backend.operation=Configure tf_backend.req_id=72390e54-6ea2-e8c3-c4bc-5e1062cdb59a tf_backend.s3.bucket=edaferioka-capstone-phoenix-tfstate-bucket tf_backend.s3.path=capstone-phoenix/terraform.tfstate
2026-07-13T11:09:19.544+0100 [DEBUG] backend-s3.aws-base: HTTP Request Sent: aws.region=eu-north-1 rpc.method=STS/GetCallerIdentity rpc.system.name=aws-api tf_aws.sdk=aws-sdk-go-v2 tf_aws.signing_region="" tf_backend.operation=Configure tf_backend.req_id=72390e54-6ea2-e8c3-c4bc-5e1062cdb59a tf_backend.s3.bucket=edaferioka-capstone-phoenix-tfstate-bucket tf_backend.s3.path=capstone-phoenix/terraform.tfstate net.peer.name=sts.eu-north-1.amazonaws.com http.user_agent="APN/1.0 HashiCorp/1.0 Terraform/1.14.9 (+https://www.terraform.io) aws-sdk-go-v2/1.41.5 ua/2.1 os/linux lang/go#1.25.8 md/GOOS#linux md/GOARCH#amd64 api/sts#1.41.9 m/n" http.request_content_length=43 http.request.header.content_type=application/x-www-form-urlencoded http.request.header.x_amz_date=20260713T100919Z
  http.request.body=
  | Action=GetCallerIdentity&Version=2011-06-15
   http.method=POST http.request.header.authorization="AWS4-HMAC-SHA256 Credential=AKIA************HT2K/20260713/eu-north-1/sts/aws4_request, SignedHeaders=amz-sdk-invocation-id;amz-sdk-request;content-length;content-type;host;x-amz-date, Signature=*****" http.request.header.amz_sdk_invocation_id=7469fd6b-6256-4ddb-ae82-06028a5973ef http.request.header.amz_sdk_request="attempt=1; max=5" http.url=https://sts.eu-north-1.amazonaws.com/
2026-07-13T11:09:25.750+0100 [DEBUG] backend-s3.aws-base: HTTP Response Received: aws.region=eu-north-1 rpc.method=STS/GetCallerIdentity rpc.system.name=aws-api tf_aws.sdk=aws-sdk-go-v2 tf_aws.signing_region="" tf_backend.operation=Configure tf_backend.req_id=72390e54-6ea2-e8c3-c4bc-5e1062cdb59a tf_backend.s3.bucket=edaferioka-capstone-phoenix-tfstate-bucket tf_backend.s3.path=capstone-phoenix/terraform.tfstate http.duration=6205 http.status_code=200 http.response_content_length=402 http.response.header.x_amzn_requestid=2d63706b-988f-419a-9a9f-7ad5b982eef7 http.response.header.x_amz_sts_extended_request_id=MTpldS1ub3J0aC0xOlM6MTc4MzkzNzM2NTc4MTpSOmpUSktic205 http.response.header.content_type=text/xml http.response.header.date="Mon, 13 Jul 2026 10:09:25 GMT"
  http.response.body=
  | <GetCallerIdentityResponse xmlns="https://sts.amazonaws.com/doc/2011-06-15/">
  |   <GetCallerIdentityResult>
  |     <Arn>arn:aws:iam::675167337465:user/admin</Arn>
  |     <UserId>AIDA*************IVEJ</UserId>
  |     <Account>675167337465</Account>
  |   </GetCallerIdentityResult>
  |   <ResponseMetadata>
  |     <RequestId>2d63706b-988f-419a-9a9f-7ad5b982eef7</RequestId>
  |   </ResponseMetadata>
  | </GetCallerIdentityResponse>
  
2026-07-13T11:09:25.750+0100 [INFO]  backend-s3.aws-base: Retrieved caller identity from STS: tf_backend.operation=Configure tf_backend.req_id=72390e54-6ea2-e8c3-c4bc-5e1062cdb59a tf_backend.s3.bucket=edaferioka-capstone-phoenix-tfstate-bucket tf_backend.s3.path=capstone-phoenix/terraform.tfstate
2026-07-13T11:09:25.750+0100 [DEBUG] backend-s3.aws-base: Retrieving caller identity from STS: tf_backend.operation=Configure tf_backend.req_id=72390e54-6ea2-e8c3-c4bc-5e1062cdb59a tf_backend.s3.bucket=edaferioka-capstone-phoenix-tfstate-bucket tf_backend.s3.path=capstone-phoenix/terraform.tfstate
2026-07-13T11:09:25.751+0100 [DEBUG] backend-s3.aws-base: HTTP Request Sent: aws.region=eu-north-1 rpc.method=STS/GetCallerIdentity rpc.system.name=aws-api tf_aws.sdk=aws-sdk-go-v2 tf_aws.signing_region="" tf_backend.operation=Configure tf_backend.req_id=72390e54-6ea2-e8c3-c4bc-5e1062cdb59a tf_backend.s3.bucket=edaferioka-capstone-phoenix-tfstate-bucket tf_backend.s3.path=capstone-phoenix/terraform.tfstate http.user_agent="APN/1.0 HashiCorp/1.0 Terraform/1.14.9 (+https://www.terraform.io) aws-sdk-go-v2/1.41.5 ua/2.1 os/linux lang/go#1.25.8 md/GOOS#linux md/GOARCH#amd64 api/sts#1.41.9 m/n" http.request.header.authorization="AWS4-HMAC-SHA256 Credential=AKIA************HT2K/20260713/eu-north-1/sts/aws4_request, SignedHeaders=amz-sdk-invocation-id;amz-sdk-request;content-length;content-type;host;x-amz-date, Signature=*****" http.request.header.x_amz_date=20260713T100925Z http.request.header.amz_sdk_invocation_id=cf7019fa-49c6-4010-b726-f4d18b560876
  http.request.body=
  | Action=GetCallerIdentity&Version=2011-06-15
   http.method=POST http.url=https://sts.eu-north-1.amazonaws.com/ net.peer.name=sts.eu-north-1.amazonaws.com http.request_content_length=43 http.request.header.content_type=application/x-www-form-urlencoded http.request.header.amz_sdk_request="attempt=1; max=5"
2026-07-13T11:09:26.003+0100 [DEBUG] backend-s3.aws-base: HTTP Response Received: aws.region=eu-north-1 rpc.method=STS/GetCallerIdentity rpc.system.name=aws-api tf_aws.sdk=aws-sdk-go-v2 tf_aws.signing_region="" tf_backend.operation=Configure tf_backend.req_id=72390e54-6ea2-e8c3-c4bc-5e1062cdb59a tf_backend.s3.bucket=edaferioka-capstone-phoenix-tfstate-bucket tf_backend.s3.path=capstone-phoenix/terraform.tfstate http.response.header.content_type=text/xml http.response.header.date="Mon, 13 Jul 2026 10:09:26 GMT"
  http.response.body=
  | <GetCallerIdentityResponse xmlns="https://sts.amazonaws.com/doc/2011-06-15/">
  |   <GetCallerIdentityResult>
  |     <Arn>arn:aws:iam::675167337465:user/admin</Arn>
  |     <UserId>AIDA*************IVEJ</UserId>
  |     <Account>675167337465</Account>
  |   </GetCallerIdentityResult>
  |   <ResponseMetadata>
  |     <RequestId>2da680a6-2d79-4b5f-8854-e3eb12c813f0</RequestId>
  |   </ResponseMetadata>
  | </GetCallerIdentityResponse>
   http.duration=251 http.status_code=200 http.response_content_length=402 http.response.header.x_amzn_requestid=2da680a6-2d79-4b5f-8854-e3eb12c813f0 http.response.header.x_amz_sts_extended_request_id=MTpldS1ub3J0aC0xOlM6MTc4MzkzNzM2NjE1NjpSOldJTG5kTGRa
2026-07-13T11:09:26.003+0100 [INFO]  backend-s3.aws-base: Retrieved caller identity from STS: tf_backend.operation=Configure tf_backend.req_id=72390e54-6ea2-e8c3-c4bc-5e1062cdb59a tf_backend.s3.bucket=edaferioka-capstone-phoenix-tfstate-bucket tf_backend.s3.path=capstone-phoenix/terraform.tfstate
2026-07-13T11:09:26.006+0100 [DEBUG] backend-s3: HTTP Request Sent: aws.region=eu-north-1 aws.s3.bucket=edaferioka-capstone-phoenix-tfstate-bucket rpc.method=S3/ListObjectsV2 rpc.system.name=aws-api tf_aws.sdk=aws-sdk-go-v2 tf_aws.signing_region="" tf_backend.operation=Workspaces tf_backend.req_id=9798fcea-ff28-22dd-6550-7f5726c8a563 tf_backend.s3.bucket=edaferioka-capstone-phoenix-tfstate-bucket tf_backend.workspace-prefix=env:/ http.method=GET net.peer.name=edaferioka-capstone-phoenix-tfstate-bucket.s3.eu-north-1.amazonaws.com http.user_agent="APN/1.0 HashiCorp/1.0 Terraform/1.14.9 (+https://www.terraform.io) aws-sdk-go-v2/1.41.5 ua/2.1 os/linux lang/go#1.25.8 md/GOOS#linux md/GOARCH#amd64 api/s3#1.97.3 m/C,n" http.request.header.authorization="AWS4-HMAC-SHA256 Credential=AKIA************HT2K/20260713/eu-north-1/s3/aws4_request, SignedHeaders=accept-encoding;amz-sdk-invocation-id;amz-sdk-request;host;x-amz-content-sha256;x-amz-date, Signature=*****" http.request.header.amz_sdk_request="attempt=1; max=5" http.request.header.x_amz_date=20260713T100926Z http.request.body="" http.url="https://edaferioka-capstone-phoenix-tfstate-bucket.s3.eu-north-1.amazonaws.com/?list-type=2&max-keys=1000&prefix=env%3A%2F" http.request.header.accept_encoding=identity http.request.header.amz_sdk_invocation_id=33e480fe-ee6d-42d2-ba60-8d51d289ce70 http.request.header.x_amz_content_sha256=e3b0c44298fc1c149afbf4c8996fb92427ae41e4649b934ca495991b7852b855
2026-07-13T11:09:27.742+0100 [DEBUG] backend-s3: HTTP Response Received: aws.region=eu-north-1 aws.s3.bucket=edaferioka-capstone-phoenix-tfstate-bucket rpc.method=S3/ListObjectsV2 rpc.system.name=aws-api tf_aws.sdk=aws-sdk-go-v2 tf_aws.signing_region="" tf_backend.operation=Workspaces tf_backend.req_id=9798fcea-ff28-22dd-6550-7f5726c8a563 tf_backend.s3.bucket=edaferioka-capstone-phoenix-tfstate-bucket tf_backend.workspace-prefix=env:/ http.duration=1735 http.status_code=200 http.response.header.x_amz_bucket_region=eu-north-1 http.response.header.x_amz_request_id=Z6D592EFVNJBRCCF http.response.header.date="Mon, 13 Jul 2026 10:09:28 GMT"
  http.response.body=
  | <?xml version="1.0" encoding="UTF-8"?>
  | <ListBucketResult xmlns="http://s3.amazonaws.com/doc/2006-03-01/"><Name>edaferioka-capstone-phoenix-tfstate-bucket</Name><Prefix>env:/</Prefix><KeyCount>0</KeyCount><MaxKeys>1000</MaxKeys><IsTruncated>false</IsTruncated></ListBucketResult>
   http.response.header.content_type=application/xml http.response.header.server=AmazonS3 http.response.header.x_amz_id_2="BhpVfXArak6ZUH+fWCMuEEoYEsjqtqKCX4HFmgTL9Bu1NsVZ8uC+6o+frkC+dXdqSNAt3AtXRLE="
[0m[32m
Successfully configured the backend "s3"! Terraform will automatically
use this backend unless the backend configuration changes.[0m
2026-07-13T11:09:27.751+0100 [DEBUG] checking for provisioner in "."
2026-07-13T11:09:27.756+0100 [DEBUG] checking for provisioner in "/usr/bin"
2026-07-13T11:09:27.757+0100 [DEBUG] backend-s3: HTTP Request Sent: aws.region=eu-north-1 aws.s3.bucket=edaferioka-capstone-phoenix-tfstate-bucket rpc.method=S3/ListObjectsV2 rpc.system.name=aws-api tf_aws.sdk=aws-sdk-go-v2 tf_aws.signing_region="" tf_backend.operation=Workspaces tf_backend.req_id=5eb55a53-d68e-6e52-593e-67eae298f0c7 tf_backend.s3.bucket=edaferioka-capstone-phoenix-tfstate-bucket tf_backend.workspace-prefix=env:/ http.request.header.amz_sdk_request="attempt=1; max=5" http.request.header.amz_sdk_invocation_id=e8864e18-377d-4428-880e-77270ce55bb1 http.request.header.accept_encoding=identity http.request.body="" http.url="https://edaferioka-capstone-phoenix-tfstate-bucket.s3.eu-north-1.amazonaws.com/?list-type=2&max-keys=1000&prefix=env%3A%2F" net.peer.name=edaferioka-capstone-phoenix-tfstate-bucket.s3.eu-north-1.amazonaws.com http.request.header.x_amz_content_sha256=e3b0c44298fc1c149afbf4c8996fb92427ae41e4649b934ca495991b7852b855 http.request.header.x_amz_date=20260713T100928Z http.method=GET http.user_agent="APN/1.0 HashiCorp/1.0 Terraform/1.14.9 (+https://www.terraform.io) aws-sdk-go-v2/1.41.5 ua/2.1 os/linux lang/go#1.25.8 md/GOOS#linux md/GOARCH#amd64 api/s3#1.97.3 m/C,n" http.request.header.authorization="AWS4-HMAC-SHA256 Credential=AKIA************HT2K/20260713/eu-north-1/s3/aws4_request, SignedHeaders=accept-encoding;amz-sdk-invocation-id;amz-sdk-request;host;x-amz-content-sha256;x-amz-date, Signature=*****"
2026-07-13T11:09:28.089+0100 [DEBUG] backend-s3: HTTP Response Received: aws.region=eu-north-1 aws.s3.bucket=edaferioka-capstone-phoenix-tfstate-bucket rpc.method=S3/ListObjectsV2 rpc.system.name=aws-api tf_aws.sdk=aws-sdk-go-v2 tf_aws.signing_region="" tf_backend.operation=Workspaces tf_backend.req_id=5eb55a53-d68e-6e52-593e-67eae298f0c7 tf_backend.s3.bucket=edaferioka-capstone-phoenix-tfstate-bucket tf_backend.workspace-prefix=env:/ http.duration=331 http.status_code=200 http.response.header.x_amz_bucket_region=eu-north-1 http.response.header.server=AmazonS3 http.response.header.x_amz_request_id=YYQ6J3E76Q09MEY3
  http.response.body=
  | <?xml version="1.0" encoding="UTF-8"?>
  | <ListBucketResult xmlns="http://s3.amazonaws.com/doc/2006-03-01/"><Name>edaferioka-capstone-phoenix-tfstate-bucket</Name><Prefix>env:/</Prefix><KeyCount>0</KeyCount><MaxKeys>1000</MaxKeys><IsTruncated>false</IsTruncated></ListBucketResult>
   http.response.header.content_type=application/xml http.response.header.x_amz_id_2="bI7Y8uoq5nhYRakTdkhUn+nwEb/aDNQ0xMP/2QvDLHq+izvEA2nzQRrfu14gZjV55/fDuBKuLxI=" http.response.header.date="Mon, 13 Jul 2026 10:09:29 GMT"
2026-07-13T11:09:28.089+0100 [INFO]  backend-s3: Downloading remote state: tf_backend.operation=Get tf_backend.req_id=40dc6337-d53a-141a-164e-0401735c49f2 tf_backend.s3.bucket=edaferioka-capstone-phoenix-tfstate-bucket tf_backend.s3.path=capstone-phoenix/terraform.tfstate
2026-07-13T11:09:28.090+0100 [DEBUG] backend-s3: HTTP Request Sent: aws.region=eu-north-1 aws.s3.bucket=edaferioka-capstone-phoenix-tfstate-bucket aws.s3.key=capstone-phoenix/terraform.tfstate rpc.method=S3/HeadObject rpc.system.name=aws-api tf_aws.sdk=aws-sdk-go-v2 tf_aws.signing_region="" tf_backend.operation=Get tf_backend.req_id=40dc6337-d53a-141a-164e-0401735c49f2 tf_backend.s3.bucket=edaferioka-capstone-phoenix-tfstate-bucket tf_backend.s3.path=capstone-phoenix/terraform.tfstate net.peer.name=edaferioka-capstone-phoenix-tfstate-bucket.s3.eu-north-1.amazonaws.com http.request.header.accept_encoding=identity http.request.header.amz_sdk_request="attempt=1; max=5" http.url=https://edaferioka-capstone-phoenix-tfstate-bucket.s3.eu-north-1.amazonaws.com/capstone-phoenix/terraform.tfstate http.user_agent="APN/1.0 HashiCorp/1.0 Terraform/1.14.9 (+https://www.terraform.io) aws-sdk-go-v2/1.41.5 ua/2.1 os/linux lang/go#1.25.8 md/GOOS#linux md/GOARCH#amd64 api/s3#1.97.3 m/n" http.request.header.authorization="AWS4-HMAC-SHA256 Credential=AKIA************HT2K/20260713/eu-north-1/s3/aws4_request, SignedHeaders=accept-encoding;amz-sdk-invocation-id;amz-sdk-request;host;x-amz-content-sha256;x-amz-date, Signature=*****" http.request.header.x_amz_date=20260713T100929Z http.request.header.amz_sdk_invocation_id=b4b485a3-b84b-47ca-beb7-f63000221e43 http.request.header.x_amz_content_sha256=e3b0c44298fc1c149afbf4c8996fb92427ae41e4649b934ca495991b7852b855 http.request.body="" http.method=HEAD
2026-07-13T11:09:28.360+0100 [DEBUG] backend-s3: HTTP Response Received: aws.region=eu-north-1 aws.s3.bucket=edaferioka-capstone-phoenix-tfstate-bucket aws.s3.key=capstone-phoenix/terraform.tfstate rpc.method=S3/HeadObject rpc.system.name=aws-api tf_aws.sdk=aws-sdk-go-v2 tf_aws.signing_region="" tf_backend.operation=Get tf_backend.req_id=40dc6337-d53a-141a-164e-0401735c49f2 tf_backend.s3.bucket=edaferioka-capstone-phoenix-tfstate-bucket tf_backend.s3.path=capstone-phoenix/terraform.tfstate http.duration=270 http.response.header.content_type=application/json http.response.header.x_amz_server_side_encryption=AES256 http.response.header.accept_ranges=bytes http.response.header.server=AmazonS3 http.response.header.x_amz_id_2=msh60ZQqtyzTYpU2Hhsfhv7l3X64zAh82V9ofY02OmteIG53Icym0kUG5Rxas6FYyr4cSBVwDVE= http.response.header.x_amz_request_id=YYQDHYB4N63Y54KB http.response.header.last_modified="Wed, 08 Jul 2026 15:02:06 GMT" http.status_code=200 http.response_content_length=328 http.response.header.date="Mon, 13 Jul 2026 10:09:29 GMT" http.response.header.x_amz_version_id=_f5g.hs3H6CemtIwCxvyYHYXXJDAxdmq http.response.header.etag="\"6d957048c05de7f055d4262b374c9866\"" http.response.body=""
2026-07-13T11:09:28.362+0100 [DEBUG] backend-s3: HTTP Request Sent: aws.region=eu-north-1 aws.s3.bucket=edaferioka-capstone-phoenix-tfstate-bucket aws.s3.key=capstone-phoenix/terraform.tfstate rpc.method=S3/GetObject rpc.system.name=aws-api tf_aws.sdk=aws-sdk-go-v2 tf_aws.signing_region="" tf_backend.operation=Get tf_backend.req_id=40dc6337-d53a-141a-164e-0401735c49f2 tf_backend.s3.bucket=edaferioka-capstone-phoenix-tfstate-bucket tf_backend.s3.path=capstone-phoenix/terraform.tfstate http.url=https://edaferioka-capstone-phoenix-tfstate-bucket.s3.eu-north-1.amazonaws.com/capstone-phoenix/terraform.tfstate?x-id=GetObject http.user_agent="APN/1.0 HashiCorp/1.0 Terraform/1.14.9 (+https://www.terraform.io) aws-sdk-go-v2/1.41.5 ua/2.1 os/linux lang/go#1.25.8 md/GOOS#linux md/GOARCH#amd64 api/s3#1.97.3 ft/s3-transfer m/G,b,n" http.request.header.authorization="AWS4-HMAC-SHA256 Credential=AKIA************HT2K/20260713/eu-north-1/s3/aws4_request, SignedHeaders=accept-encoding;amz-sdk-invocation-id;amz-sdk-request;host;range;x-amz-checksum-mode;x-amz-content-sha256;x-amz-date, Signature=*****" http.request.header.x_amz_checksum_mode=ENABLED http.request.header.amz_sdk_request="attempt=1; max=5" http.request.header.amz_sdk_invocation_id=4de0797d-1283-4317-9a46-c76f05464af5 http.request.header.x_amz_date=20260713T100929Z http.request.body="" http.method=GET net.peer.name=edaferioka-capstone-phoenix-tfstate-bucket.s3.eu-north-1.amazonaws.com http.request.header.x_amz_content_sha256=e3b0c44298fc1c149afbf4c8996fb92427ae41e4649b934ca495991b7852b855 http.request.header.accept_encoding=identity http.request.header.range=bytes=0-5242879
2026-07-13T11:09:28.724+0100 [DEBUG] backend-s3: HTTP Response Received: aws.region=eu-north-1 aws.s3.bucket=edaferioka-capstone-phoenix-tfstate-bucket aws.s3.key=capstone-phoenix/terraform.tfstate rpc.method=S3/GetObject rpc.system.name=aws-api tf_aws.sdk=aws-sdk-go-v2 tf_aws.signing_region="" tf_backend.operation=Get tf_backend.req_id=40dc6337-d53a-141a-164e-0401735c49f2 tf_backend.s3.bucket=edaferioka-capstone-phoenix-tfstate-bucket tf_backend.s3.path=capstone-phoenix/terraform.tfstate http.response.header.date="Mon, 13 Jul 2026 10:09:29 GMT" http.response.header.etag="\"6d957048c05de7f055d4262b374c9866\"" http.status_code=206 http.response_content_length=328 http.response.header.content_range="bytes 0-327/328" http.response.header.content_type=application/json http.response.header.x_amz_version_id=_f5g.hs3H6CemtIwCxvyYHYXXJDAxdmq http.response.header.server=AmazonS3 http.response.header.x_amz_checksum_type=FULL_OBJECT http.response.header.x_amz_id_2="Nbr721dAQs8Weara4Yk3z7+aS0OqI4dL5Z2Uy64MGuaYiqs+/5A8AQSOG3oVNcdLQiuIY9dz4fg=" http.response.header.x_amz_request_id=YYQ9W4EM13HAMXY0 http.response.header.x_amz_checksum_sha256="dyMCEWu426YCpnvEhhyaW07h8O+VcXjR32ckKmEN0Ps=" http.duration=362 http.response.header.x_amz_server_side_encryption=AES256 http.response.header.last_modified="Wed, 08 Jul 2026 15:02:06 GMT" http.response.header.accept_ranges=bytes http.response.body="[Redacted: 328 bytes, Type: application/json]"
2026-07-13T11:09:28.726+0100 [DEBUG] backend-s3: HTTP Request Sent: aws.dynamodb.consistent_read=true aws.dynamodb.projection="LockID, Digest" aws.dynamodb.table_names=["terraform-locks"] aws.region=eu-north-1 db.system.name=aws.dynamodb rpc.method=DynamoDB/GetItem rpc.system.name=aws-api tf_aws.sdk=aws-sdk-go-v2 tf_aws.signing_region="" tf_backend.operation=Get tf_backend.req_id=40dc6337-d53a-141a-164e-0401735c49f2 tf_backend.s3.bucket=edaferioka-capstone-phoenix-tfstate-bucket tf_backend.s3.path=capstone-phoenix/terraform.tfstate net.peer.name=dynamodb.eu-north-1.amazonaws.com http.request_content_length=200 http.request.header.amz_sdk_request="attempt=1; max=5" http.request.header.x_amz_date=20260713T100928Z http.request.header.content_type=application/x-amz-json-1.0 http.request.header.x_amz_target=DynamoDB_20120810.GetItem http.method=POST http.url=https://dynamodb.eu-north-1.amazonaws.com/ http.user_agent="APN/1.0 HashiCorp/1.0 Terraform/1.14.9 (+https://www.terraform.io) aws-sdk-go-v2/1.41.5 ua/2.1 os/linux lang/go#1.25.8 md/GOOS#linux md/GOARCH#amd64 api/dynamodb#1.56.2 m/P,n" http.request.header.authorization="AWS4-HMAC-SHA256 Credential=AKIA************HT2K/20260713/eu-north-1/dynamodb/aws4_request, SignedHeaders=accept-encoding;amz-sdk-invocation-id;amz-sdk-request;content-length;content-type;host;x-amz-date;x-amz-target, Signature=*****" http.request.header.amz_sdk_invocation_id=8c749beb-8f2c-4361-82e0-710a4642b5f6 http.request.header.accept_encoding=identity
  http.request.body=
  | {"ConsistentRead":true,"Key":{"LockID":{"S":"edaferioka-capstone-phoenix-tfstate-bucket/capstone-phoenix/terraform.tfstate-md5"}},"ProjectionExpression":"LockID, Digest","TableName":"terraform-locks"}
  
2026-07-13T11:09:29.688+0100 [DEBUG] backend-s3: HTTP Response Received: aws.dynamodb.consistent_read=true aws.dynamodb.projection="LockID, Digest" aws.dynamodb.table_names=["terraform-locks"] aws.region=eu-north-1 db.system.name=aws.dynamodb rpc.method=DynamoDB/GetItem rpc.system.name=aws-api tf_aws.sdk=aws-sdk-go-v2 tf_aws.signing_region="" tf_backend.operation=Get tf_backend.req_id=40dc6337-d53a-141a-164e-0401735c49f2 tf_backend.s3.bucket=edaferioka-capstone-phoenix-tfstate-bucket tf_backend.s3.path=capstone-phoenix/terraform.tfstate http.status_code=200 http.response.header.x_amzn_requestid=348N3DLH9R49JE65S3PG7G2DJRVV4KQNSO5AEMVJF66Q9ASUAAJG http.response.header.x_amz_crc32=2259897979 http.response.header.server=Server http.response.header.date="Mon, 13 Jul 2026 10:09:29 GMT" http.response.header.content_type=application/x-amz-json-1.0 http.duration=962 http.response_content_length=159 http.response.header.connection=keep-alive
  http.response.body=
  | {"Item":{"Digest":{"S":"6d957048c05de7f055d4262b374c9866"},"LockID":{"S":"edaferioka-capstone-phoenix-tfstate-bucket/capstone-phoenix/terraform.tfstate-md5"}}}
  
[0m[1mInitializing modules...[0m
2026-07-13T11:09:29.690+0100 [DEBUG] Module installer: begin compute
2026-07-13T11:09:29.692+0100 [DEBUG] Module installer: compute installed at modules/compute
- compute in modules/compute
2026-07-13T11:09:29.693+0100 [DEBUG] Module installer: begin network
2026-07-13T11:09:29.694+0100 [DEBUG] Module installer: network installed at modules/network
- network in modules/network
2026-07-13T11:09:29.694+0100 [DEBUG] Module installer: begin security_group
2026-07-13T11:09:29.695+0100 [DEBUG] Module installer: security_group installed at modules/security_group
- security_group in modules/security_group
[0m[1mInitializing provider plugins...[0m
- Finding hashicorp/aws versions matching "~> 5.0"...
2026-07-13T11:09:29.698+0100 [DEBUG] Service discovery for registry.terraform.io at https://registry.terraform.io/.well-known/terraform.json
2026-07-13T11:09:30.531+0100 [DEBUG] GET https://registry.terraform.io/v1/providers/hashicorp/aws/versions
2026-07-13T11:09:31.651+0100 [DEBUG] GET https://registry.terraform.io/v1/providers/hashicorp/aws/5.100.0/download/linux/amd64
2026-07-13T11:09:33.374+0100 [DEBUG] GET https://releases.hashicorp.com/terraform-provider-aws/5.100.0/terraform-provider-aws_5.100.0_SHA256SUMS
2026-07-13T11:09:34.282+0100 [DEBUG] GET https://releases.hashicorp.com/terraform-provider-aws/5.100.0/terraform-provider-aws_5.100.0_SHA256SUMS.72D7468F.sig
- Installing hashicorp/aws v5.100.0...
2026-07-13T11:42:49.981+0100 [WARN]  expired openpgp key from HashiCorp Security (hashicorp.com/security) <security@hashicorp.com>
2026-07-13T11:42:49.981+0100 [DEBUG] Provider signed by 34365D9472D7468F HashiCorp Security (hashicorp.com/security) <security@hashicorp.com>
2026-07-13T11:42:49.987+0100 [WARN]  expired openpgp key from HashiCorp Security (hashicorp.com/security) <security@hashicorp.com>
- Installed hashicorp/aws v5.100.0 (signed by HashiCorp)
Terraform has created a lock file [1m.terraform.lock.hcl[0m to record the provider
selections it made above. Include this file in your version control repository
so that Terraform can guarantee to make the same selections by default when
you run "terraform init" in the future.[0m

[0m[1m[32mTerraform has been successfully initialized![0m[32m[0m
[0m[32m
You may now begin working with Terraform. Try running "terraform plan" to see
any changes that are required for your infrastructure. All Terraform commands
should now work.

If you ever set or change modules or backend configuration for Terraform,
rerun this command to reinitialize your working directory. If you forget, other
commands will detect it and remind you to do so if necessary.[0m
